// Vitest Snapshot v1, https://vitest.dev/guide/snapshot.html

exports[`converter registry > targets per source, in order (the first is the default choice) 1`] = `
{
  "3gp": [
    "mp4",
    "webm",
    "avi",
    "mov",
    "mkv",
    "mp3",
    "wav",
    "aac",
    "webp",
    "gif",
  ],
  "aac": [
    "mp3",
    "wav",
    "ogg",
    "flac",
    "m4a",
  ],
  "avi": [
    "mp4",
    "webm",
    "mov",
    "mkv",
    "flv",
    "mp3",
    "wav",
    "aac",
    "ogg",
    "webp",
    "gif",
  ],
  "avif": [
    "jpg",
    "png",
    "webp",
    "jxl",
    "bmp",
    "ico",
    "txt",
    "pdf",
  ],
  "bmp": [
    "jpg",
    "png",
    "webp",
    "avif",
    "jxl",
    "txt",
    "pdf",
  ],
  "csv": [
    "json",
    "tsv",
    "xml",
    "html",
    "xlsx",
    "yaml",
    "txt",
  ],
  "docx": [
    "pdf",
    "html",
    "md",
    "txt",
    "epub",
  ],
  "flac": [
    "mp3",
    "wav",
    "aac",
    "ogg",
    "m4a",
  ],
  "flv": [
    "mp4",
    "webm",
    "avi",
    "mov",
    "mkv",
    "mp3",
    "wav",
    "aac",
    "ogg",
    "webp",
    "gif",
  ],
  "gif": [
    "png",
    "jpg",
    "webp",
    "avif",
    "txt",
    "pdf",
  ],
  "heic": [
    "jpg",
    "png",
    "webp",
    "avif",
    "jxl",
    "bmp",
    "ico",
    "txt",
    "pdf",
  ],
  "html": [
    "md",
    "txt",
    "pdf",
    "epub",
    "docx",
  ],
  "ico": [
    "png",
    "jpg",
    "webp",
    "bmp",
  ],
  "jpeg": [
    "png",
    "webp",
    "avif",
    "jxl",
    "bmp",
    "ico",
    "jpg",
    "txt",
    "pdf",
  ],
  "jpg": [
    "png",
    "webp",
    "avif",
    "jxl",
    "bmp",
    "ico",
    "jpg",
    "txt",
    "pdf",
  ],
  "json": [
    "csv",
    "xml",
    "yaml",
    "txt",
    "xlsx",
    "tsv",
    "html",
    "md",
    "pdf",
  ],
  "jxl": [
    "png",
    "jpg",
    "webp",
    "avif",
    "txt",
    "pdf",
  ],
  "m4a": [
    "mp3",
    "wav",
    "aac",
    "ogg",
    "flac",
  ],
  "m4v": [
    "mp4",
    "webm",
    "avi",
    "mov",
    "mkv",
    "flv",
    "mp3",
    "wav",
    "aac",
    "ogg",
    "webp",
    "gif",
  ],
  "md": [
    "html",
    "pdf",
    "epub",
    "docx",
  ],
  "mkv": [
    "mp4",
    "webm",
    "avi",
    "mov",
    "flv",
    "mp3",
    "wav",
    "aac",
    "ogg",
    "webp",
    "gif",
  ],
  "mov": [
    "mp4",
    "webm",
    "avi",
    "mkv",
    "flv",
    "mp3",
    "wav",
    "aac",
    "ogg",
    "webp",
    "gif",
  ],
  "mp3": [
    "wav",
    "aac",
    "ogg",
    "flac",
    "m4a",
  ],
  "mp4": [
    "webm",
    "avi",
    "mov",
    "mkv",
    "flv",
    "mp3",
    "wav",
    "aac",
    "ogg",
    "webp",
    "gif",
  ],
  "ogg": [
    "mp3",
    "wav",
    "aac",
    "flac",
    "m4a",
  ],
  "opus": [
    "mp3",
    "wav",
    "aac",
    "ogg",
    "m4a",
  ],
  "pdf": [
    "png",
    "jpg",
    "webp",
    "txt",
    "html",
    "pdf",
  ],
  "png": [
    "jpg",
    "webp",
    "avif",
    "jxl",
    "bmp",
    "ico",
    "png",
    "txt",
    "pdf",
  ],
  "svg": [
    "png",
    "jpg",
    "webp",
    "avif",
    "pdf",
  ],
  "tsv": [
    "csv",
    "json",
    "xml",
    "html",
  ],
  "txt": [
    "html",
    "md",
    "pdf",
    "epub",
    "docx",
  ],
  "wav": [
    "mp3",
    "aac",
    "ogg",
    "flac",
    "m4a",
  ],
  "webm": [
    "mp4",
    "avi",
    "mov",
    "mkv",
    "flv",
    "mp3",
    "wav",
    "aac",
    "ogg",
    "webp",
    "gif",
  ],
  "webp": [
    "jpg",
    "png",
    "avif",
    "jxl",
    "bmp",
    "webp",
    "txt",
    "pdf",
  ],
  "wma": [
    "mp3",
    "wav",
    "aac",
    "ogg",
    "m4a",
  ],
  "xlsx": [
    "csv",
    "json",
  ],
  "xml": [
    "json",
    "txt",
    "csv",
    "yaml",
    "tsv",
  ],
  "yaml": [
    "json",
    "csv",
    "xml",
    "tsv",
  ],
}
`;
